<?xml version="1.0" encoding="utf-8"?><testsuites name="pytest tests"><testsuite name="pytest" errors="0" failures="0" skipped="0" tests="2" time="0.006" timestamp="2026-09-22T20:48:44.462687-07:00" hostname="infy8-2.local"><testcase classname="tests.test_app.TestApp" name="test_add" time="0.000" /><testcase classname="tests.test_app.TestApp" name="test_message" time="0.000" /></testsuite></testsuites>